CMake Error: Could not open file for write in copy operation /home/pcl_liwh/yangzheng/recv/faster/cc/build/googletest-download/CMakeLists.txt.tmp
CMake Error: : System Error: Permission denied
CMake Error at CMakeLists.txt:30 (configure_file):
  configure_file Problem configuring file


CMake Error: Could not open file for write in copy operation /home/pcl_liwh/yangzheng/recv/faster/cc/build/googletest-download/googletest-prefix/src/googletest-stamp/googletest-gitinfo.txt.tmp
CMake Error: : System Error: Permission denied
CMake Error at /usr/local/share/cmake-3.12/Modules/ExternalProject.cmake:2361 (configure_file):
  configure_file Problem configuring file
Call Stack (most recent call first):
  /usr/local/share/cmake-3.12/Modules/ExternalProject.cmake:3100 (_ep_add_download_command)
  CMakeLists.txt:8 (ExternalProject_Add)


CMake Error at /usr/local/share/cmake-3.12/Modules/ExternalProject.cmake:1029 (file):
  file failed to open for writing (Permission denied):

    /home/pcl_liwh/yangzheng/recv/faster/cc/build/googletest-download/googletest-prefix/tmp/googletest-gitclone.cmake
Call Stack (most recent call first):
  /usr/local/share/cmake-3.12/Modules/ExternalProject.cmake:2374 (_ep_write_gitclone_script)
  /usr/local/share/cmake-3.12/Modules/ExternalProject.cmake:3100 (_ep_add_download_command)
  CMakeLists.txt:8 (ExternalProject_Add)


CMake Error at /usr/local/share/cmake-3.12/Modules/ExternalProject.cmake:1211 (file):
  file failed to open for writing (Permission denied):

    /home/pcl_liwh/yangzheng/recv/faster/cc/build/googletest-download/googletest-prefix/tmp/googletest-gitupdate.cmake
Call Stack (most recent call first):
  /usr/local/share/cmake-3.12/Modules/ExternalProject.cmake:2641 (_ep_write_gitupdate_script)
  /usr/local/share/cmake-3.12/Modules/ExternalProject.cmake:3101 (_ep_add_update_command)
  CMakeLists.txt:8 (ExternalProject_Add)


CMake Error: Could not open file for write in copy operation /home/pcl_liwh/yangzheng/recv/faster/cc/build/googletest-download/googletest-prefix/tmp/googletest-cfgcmd.txt.tmp
CMake Error: : System Error: Permission denied
CMake Error at /usr/local/share/cmake-3.12/Modules/ExternalProject.cmake:2849 (configure_file):
  configure_file Problem configuring file
Call Stack (most recent call first):
  /usr/local/share/cmake-3.12/Modules/ExternalProject.cmake:3103 (_ep_add_configure_command)
  CMakeLists.txt:8 (ExternalProject_Add)


-- Configuring incomplete, errors occurred!
See also "/home/pcl_liwh/yangzheng/recv/faster/cc/build/googletest-download/CMakeFiles/CMakeOutput.log".
CMake Error: Cannot open file for write: /home/pcl_liwh/yangzheng/recv/faster/cc/build/googletest-download/CMakeCache.txt.tmp
CMake Error: : System Error: Permission denied
CMake Error: Unable to open cache file for save. /home/pcl_liwh/yangzheng/recv/faster/cc/build/googletest-download/CMakeCache.txt
CMake Error: : System Error: Permission denied
CMake Error at CMakeLists.txt:35 (message):
  CMake step for googletest failed: 1


-- Configuring incomplete, errors occurred!
See also "/home/pcl_liwh/yangzheng/recv/faster/cc/build/CMakeFiles/CMakeOutput.log".
See also "/home/pcl_liwh/yangzheng/recv/faster/cc/build/CMakeFiles/CMakeError.log".
CMake Error: Cannot open file for write: /home/pcl_liwh/yangzheng/recv/faster/cc/build/CMakeCache.txt.tmp
CMake Error: : System Error: Permission denied
CMake Error: Unable to open cache file for save. /home/pcl_liwh/yangzheng/recv/faster/cc/build/CMakeCache.txt
CMake Error: : System Error: Permission denied
Makefile:628: recipe for target 'cmake_check_build_system' failed
make: *** [cmake_check_build_system] Error 1
