worker : 384	port num : 384
kv_num : 100000000
data size : 4GB
port base : 8033
count:100000000
100000000 100000000
success 3
success 4
success 5
success 6
success 7
success 8
success 9
success 10
success 11
success 12
success 13
success 14
success 15
success 16
success 17
success 18
success 19
success 20
success 21
success 22
success 23
success 24
success 25
success 26
success 27
success 28
success 29
success 30
success 31
success 32
success 33
success 34
success 35
success 36
success 37
success 38
success 39
success 40
success 41
success 42
success 43
success 44
success 45
success 46
success 47
success 48
success 49
success 50
success 51
success 52
success 53
success 54
success 55
success 56
success 57
success 58
success 59
success 60
success 61
success 62
success 63
success 64
success 65
success 66
success 67
success 68
success 69
success 70
success 71
success 72
success 73
success 74
success 75
success 76
success 77
success 78
success 79
success 80
success 81
success 82
success 83
success 84
success 85
success 86
success 87
success 88
success 89
success 90
success 91
success 92
success 93
success 94
success 95
success 96
success 97
success 98
success 99
success 100
success 101
success 102
success 103
success 104
success 105
success 106
success 107
success 108
success 109
success 110
success 111
success 112
success 113
success 114
success 115
success 116
success 117
success 118
success 119
success 120
success 121
success 122
success 123
success 124
success 125
success 126
success 127
success 128
success 129
success 130
success 131
success 132
success 133
success 134
success 135
success 136
success 137
success 138
success 139
success 140
success 141
success 142
success 143
success 144
success 145
success 146
success 147
success 148
success 149
success 150
success 151
success 152
success 153
success 154
success 155
success 156
success 157
success 158
success 159
success 160
success 161
success 162
success 163
success 164
success 165
success 166
success 167
success 168
success 169
success 170
success 171
success 172
success 173
success 174
success 175
success 176
success 177
success 178
success 179
success 180
success 181
success 182
success 183
success 184
success 185
success 186
success 187
success 188
success 189
success 190
success 191
success 192
success 193
success 194
success 195
success 196
success 197
success 198
success 199
success 200
success 201
success 202
success 203
success 204
success 205
success 206
success 207
success 208
success 209
success 210
success 211
success 212
success 213
success 214
success 215
success 216
success 217
success 218
success 219
success 220
success 221
success 222
success 223
success 224
success 225
success 226
success 227
success 228
success 229
success 230
success 231
success 232
success 233
success 234
success 235
success 236
success 237
success 238
success 239
success 240
success 241
success 242
success 243
success 244
success 245
success 246
success 247
success 248
success 249
success 250
success 251
success 252
success 253
success 254
success 255
success 256
success 257
success 258
success 259
success 260
success 261
success 262
success 263
success 264
success 265
success 266
success 267
success 268
success 269
success 270
success 271
success 272
success 273
success 274
success 275
success 276
success 277
success 278
success 279
success 280
success 281
success 282
success 283
success 284
success 285
success 286
success 287
success 288
success 289
success 290
success 291
success 292
success 293
success 294
success 295
success 296
success 297
success 298
success 299
success 300
success 301
success 302
success 303
success 304
success 305
success 306
success 307
success 308
success 309
success 310
success 311
success 312
success 313
success 314
success 315
success 316
success 317
success 318
success 319
success 320
success 321
success 322
success 323
success 324
success 325
success 326
success 327
success 328
success 329
success 330
success 331
success 332
success 333
success 334
success 335
success 336
success 337
success 338
success 339
success 340
success 341
success 342
success 343
success 344
success 345
success 346
success 347
success 348
success 349
success 350
success 351
success 352
success 353
success 354
success 355
success 356
success 357
success 358
success 359
success 360
success 361
success 362
success 363
success 364
success 365
success 366
success 367
success 368
success 369
success 370
success 371
success 372
success 373
success 374
success 375
success 376
success 377
success 378
success 379
success 380
success 381
success 382
success 383
success 384
success 385
success 386
begin
begin
begin
begin
begin
begin
begin
begin
begin
begin
begin
begin
begin
begin
begin
begin
begin
begin
begin
begin
begin
begin
begin
begin
begin
begin
begin
begin
begin
begin
begin
begin
begin
begin
begin
begin
begin
begin
begin
begin
begin
begin
begin
begin
begin
begin
begin
begin
begin
begin
begin
begin
begin
begin
begin
begin
begin
begin
begin
begin
begin
begin
begin
begin
begin
begin
begin
begin
begin
begin
begin
begin
begin
begin
begin
begin
begin
begin
begin
begin
begin
begin
begin
begin
begin
begin
begin
begin
begin
begin
begin
begin
begin
begin
begin
begin
begin
begin
begin
begin
begin
begin
begin
begin
begin
begin
begin
begin
begin
begin
begin
begin
begin
begin
begin
begin
begin
begin
begin
begin
begin
begin
begin
begin
begin
begin
begin
begin
begin
begin
begin
begin
begin
begin
begin
begin
begin
begin
begin
begin
begin
begin
begin
begin
begin
begin
begin
begin
begin
begin
begin
begin
begin
begin
begin
begin
begin
begin
begin
begin
begin
begin
begin
begin
begin
begin
begin
begin
begin
begin
begin
begin
begin
begin
begin
begin
begin
begin
begin
begin
begin
begin
begin
begin
begin
begin
begin
begin
begin
begin
begin
begin
begin
begin
begin
begin
begin
begin
begin
begin
begin
begin
begin
begin
begin
begin
begin
begin
begin
begin
begin
begin
begin
begin
begin
begin
begin
begin
begin
begin
begin
begin
begin
begin
begin
begin
begin
begin
begin
begin
begin
begin
begin
begin
begin
begin
begin
begin
begin
begin
begin
begin
begin
begin
begin
begin
begin
begin
begin
begin
begin
begin
begin
begin
begin
begin
begin
begin
begin
begin
begin
begin
begin
begin
begin
begin
begin
begin
begin
begin
begin
begin
begin
begin
begin
begin
begin
begin
begin
begin
begin
begin
begin
begin
begin
begin
begin
begin
begin
begin
begin
begin
begin
begin
begin
begin
begin
begin
begin
begin
begin
begin
begin
begin
begin
begin
begin
begin
begin
begin
begin
begin
begin
begin
begin
begin
begin
begin
begin
begin
begin
begin
begin
begin
begin
begin
begin
begin
begin
begin
begin
begin
begin
begin
begin
begin
begin
begin
begin
begin
begin
beginbegin

begin
begin
begin
begin
begin
begin
begin
begin
begin
begin
begin
begin
begin
begin
begin
begin
begin
begin
begin
begin
begin
begin
begin
begin
begin
begin
begin
begin
begin
begin
begin
begin
begin
begin
begin
begin
begin
begin
begin
success
begin
begin
0
384
0
768
0
1152
0
1536
0
1920
0
2304
0
2688
0
3072
0
3456
0
3840
0
4224
0
4608
0
4992
0
5376
0
5760
0
6144
0
6528
0
6912
0
7296
0
7680
0
8064
0
8448
0
8832
0
9216
0
9600
0
9984
0
10368
0
10752
0
11136
0
11520
0
11904
0
12288
0
12672
0
13056
0
13440
0
13824
0
14208
0
14592
0
14976
0
15360
0
15744
0
16128
0
16512
0
16896
0
17280
0
17664
0
18048
0
18432
0
18816
0
19200
0
19584
0
19968
0
20352
0
20736
0
21120
0
21504
0
21888
0
22272
0
22656
0
23040
0
23424
0
23808
0
24192
0
24576
0
24960
0
25344
0
25728
0
26112
0
26496
0
26880
0
27264
0
27648
0
28032
0
28416
0
28800
0
29184
0
29568
0
29952
0
30336
0
30720
0
31104
0
31488
0
31872
0
32256
0
32640
0
33024
0
33408
0
33792
0
34176
0
34560
0
34944
0
35328
0
35712
0
36096
0
36480
0
36864
0
37248
0
37632
0
38016
0
38400
0
38784
0
39168
0
39552
0
39936
0
40320
0
40704
0
41088
0
41472
0
41856
0
42240
0
42624
0
43008
0
43392
0
43776
0
44160
0
44544
0
44928
0
45312
0
45696
0
46080
0
46464
0
46848
0
47232
0
47616
0
48000
0
48384
0
48768
0
49152
0
49536
0
49920
0
50304
0
50688
0
51072
0
51456
0
51840
0
52224
0
52608
0
52992
0
53376
0
53760
0
54144
0
54528
0
54912
0
55296
0
55680
0
56064
0
56448
0
56832
0
57216
0
57600
0
57984
0
58368
0
58752
0
59136
0
59520
0
59904
0
60288
0
60672
0
61056
0
61440
0
61824
0
62208
0
62592
0
62976
0
63360
0
63744
0
64128
0
64512
0
64896
0
65280
0
65664
0
66048
0
66432
0
66816
0
67200
0
67584
0
67968
0
68352
0
68736
0
69120
0
69504
0
69888
0
70272
0
70656
0
71040
0
71424
0
71808
0
72192
0
72576
0
72960
0
73344
0
73728
0
74112
0
74496
0
74880
0
75264
0
75648
0
76032
0
76416
0
76800
0
77184
0
77568
0
77952
0
78336
0
78720
0
79104
0
79488
0
79872
0
80256
0
80640
0
81024
0
81408
0
81792
0
82176
0
82560
0
82944
0
83328
0
83712
0
84096
0
84480
0
84864
0
85248
0
85632
0
86016
0
86400
0
86784
0
87168
0
87552
0
87936
0
88320
0
88704
0
89088
0
89472
0
89856
0
90240
0
90624
0
91008
0
91392
0
91776
0
92160
0
92544
0
92928
0
93312
0
93696
0
94080
0
94464
0
94848
0
95232
0
95616
0
96000
0
96384
0
96768
0
97152
0
97536
0
97920
0
98304
0
98688
0
99072
0
99456
0
99840
0
100224
0
100608
0
100992
0
101376
0
101760
0
102144
0
102528
0
102912
0
103296
0
103680
0
104064
0
104448
0
104832
0
105216
0
105600
0
105984
0
106368
0
106752
0
107136
0
107520
0
107904
0
108288
0
108672
0
109056
0
109440
0
109824
0
110208
0
110592
0
110976
0
111360
0
111744
0
112128
0
112512
0
112896
0
113280
0
113664
0
114048
0
114432
0
114816
0
115200
0
115584
0
115968
0
116352
0
116736
0
117120
0
117504
0
117888
0
118272
0
118656
0
119040
0
119424
0
119808
0
120192
0
120576
0
120960
0
121344
0
121728
0
122112
0
122496
0
122880
0
123264
0
123648
0
124032
0
124416
0
124800
0
125184
0
125568
0
125952
0
126336
0
126720
0
127104
0
127488
0
127872
0
128256
0
128640
0
129024
0
129408
0
129792
0
130176
0
130560
0
130944
0
131328
0
131712
0
132096
0
132480
0
132864
0
133248
0
133632
0
134016
0
134400
0
134784
0
135168
0
135552
0
135936
0
136320
0
136704
0
137088
0
137472
0
137856
0
138240
0
138624
0
139008
0
139392
0
139776
0
140160
0
140544
0
140928
0
141312
0
141696
0
142080
0
142464
0
142848
0
143232
0
143616
0
144000
0
144384
0
144768
0
145152
0
145536
0
145920
0
146304
0
146688
0
147072
0
147456
0
147840
0
148224
0
148608
0
148992
0
149376
0
149760
0
150144
0
150528
0
150912
0
151296
0
151680
0
152064
0
152448
0
152832
0
153216
0
153600
0
153984
0
154368
0
154752
0
155136
0
155520
0
155904
0
156288
0
156672
0
157056
0
157440
0
157824
0
158208
0
158592
0
158976
0
159360
0
159744
0
160128
0
160512
0
160896
0
161280
0
161664
0
162048
0
162432
0
162816
0
163200
0
163584
0
163968
0
164352
0
164736
0
165120
0
165504
0
165888
0
166272
0
166656
0
167040
0
167424
0
167808
0
168192
0
168576
0
168960
0
169344
0
169728
0
170112
0
170496
0
170880
0
171264
0
171648
0
172032
0
172416
0
172800
0
173184
0
173568
0
173952
0
174336
0
174720
0
175104
0
175488
0
175872
0
176256
0
176640
0
177024
0
177408
0
177792
0
178176
0
178560
0
178944
0
179328
0
179712
0
180096
0
180480
0
180864
0
181248
0
181632
0
182016
0
182400
0
182784
0
183168
0
183552
0
183936
0
184320
0
184704
0
185088
0
185472
0
185856
0
186240
0
186624
0
187008
0
187392
0
187776
0
188160
0
188544
0
188928
0
189312
0
189696
0
190080
0
190464
0
190848
0
191232
0
191616
end
239
72340172838077039
499
0
success
success
port num 0 send bytes:10000000 recv bytes:10000000
port num 1 send bytes:10000000 recv bytes:10000000
port num 2 send bytes:10000000 recv bytes:10000000
port num 3 send bytes:10000000 recv bytes:10000000
port num 4 send bytes:10000000 recv bytes:10000000
port num 5 send bytes:10000000 recv bytes:10000000
port num 6 send bytes:10000000 recv bytes:10000000
port num 7 send bytes:10000000 recv bytes:10000000
port num 8 send bytes:10000000 recv bytes:10000000
port num 9 send bytes:10000000 recv bytes:10000000
port num 10 send bytes:10000000 recv bytes:10000000
port num 11 send bytes:10000000 recv bytes:10000000
port num 12 send bytes:10000000 recv bytes:10000000
port num 13 send bytes:10000000 recv bytes:10000000
port num 14 send bytes:10000000 recv bytes:10000000
port num 15 send bytes:10000000 recv bytes:10000000
port num 16 send bytes:10000000 recv bytes:10000000
port num 17 send bytes:10000000 recv bytes:10000000
port num 18 send bytes:10000000 recv bytes:10000000
port num 19 send bytes:10000000 recv bytes:10000000
port num 20 send bytes:10000000 recv bytes:10000000
port num 21 send bytes:10000000 recv bytes:10000000
port num 22 send bytes:10000000 recv bytes:10000000
port num 23 send bytes:10000000 recv bytes:10000000
port num 24 send bytes:10000000 recv bytes:10000000
port num 25 send bytes:10000000 recv bytes:10000000
port num 26 send bytes:10000000 recv bytes:10000000
port num 27 send bytes:10000000 recv bytes:10000000
port num 28 send bytes:10000000 recv bytes:10000000
port num 29 send bytes:10000000 recv bytes:10000000
port num 30 send bytes:10000000 recv bytes:10000000
port num 31 send bytes:10000000 recv bytes:10000000
port num 32 send bytes:10000000 recv bytes:10000000
port num 33 send bytes:10000000 recv bytes:10000000
port num 34 send bytes:10000000 recv bytes:10000000
port num 35 send bytes:10000000 recv bytes:10000000
port num 36 send bytes:10000000 recv bytes:10000000
port num 37 send bytes:10000000 recv bytes:10000000
port num 38 send bytes:10000000 recv bytes:10000000
port num 39 send bytes:10000000 recv bytes:10000000
port num 40 send bytes:10000000 recv bytes:10000000
port num 41 send bytes:10000000 recv bytes:10000000
port num 42 send bytes:10000000 recv bytes:10000000
port num 43 send bytes:10000000 recv bytes:10000000
port num 44 send bytes:10000000 recv bytes:10000000
port num 45 send bytes:10000000 recv bytes:10000000
port num 46 send bytes:10000000 recv bytes:10000000
port num 47 send bytes:10000000 recv bytes:10000000
port num 48 send bytes:10000000 recv bytes:10000000
port num 49 send bytes:10000000 recv bytes:10000000
port num 50 send bytes:10000000 recv bytes:10000000
port num 51 send bytes:10000000 recv bytes:10000000
port num 52 send bytes:10000000 recv bytes:10000000
port num 53 send bytes:10000000 recv bytes:10000000
port num 54 send bytes:10000000 recv bytes:10000000
port num 55 send bytes:10000000 recv bytes:10000000
port num 56 send bytes:10000000 recv bytes:10000000
port num 57 send bytes:10000000 recv bytes:10000000
port num 58 send bytes:10000000 recv bytes:10000000
port num 59 send bytes:10000000 recv bytes:10000000
port num 60 send bytes:10000000 recv bytes:10000000
port num 61 send bytes:10000000 recv bytes:10000000
port num 62 send bytes:10000000 recv bytes:10000000
port num 63 send bytes:10000000 recv bytes:10000000
port num 64 send bytes:10000000 recv bytes:10000000
port num 65 send bytes:10000000 recv bytes:10000000
port num 66 send bytes:10000000 recv bytes:10000000
port num 67 send bytes:10000000 recv bytes:10000000
port num 68 send bytes:10000000 recv bytes:10000000
port num 69 send bytes:10000000 recv bytes:10000000
port num 70 send bytes:10000000 recv bytes:10000000
port num 71 send bytes:10000000 recv bytes:10000000
port num 72 send bytes:10000000 recv bytes:10000000
port num 73 send bytes:10000000 recv bytes:10000000
port num 74 send bytes:10000000 recv bytes:10000000
port num 75 send bytes:10000000 recv bytes:10000000
port num 76 send bytes:10000000 recv bytes:10000000
port num 77 send bytes:10000000 recv bytes:10000000
port num 78 send bytes:10000000 recv bytes:10000000
port num 79 send bytes:10000000 recv bytes:10000000
port num 80 send bytes:10000000 recv bytes:10000000
port num 81 send bytes:10000000 recv bytes:10000000
port num 82 send bytes:10000000 recv bytes:10000000
port num 83 send bytes:10000000 recv bytes:10000000
port num 84 send bytes:10000000 recv bytes:10000000
port num 85 send bytes:10000000 recv bytes:10000000
port num 86 send bytes:10000000 recv bytes:10000000
port num 87 send bytes:10000000 recv bytes:10000000
port num 88 send bytes:10000000 recv bytes:10000000
port num 89 send bytes:10000000 recv bytes:10000000
port num 90 send bytes:10000000 recv bytes:10000000
port num 91 send bytes:10000000 recv bytes:10000000
port num 92 send bytes:10000000 recv bytes:10000000
port num 93 send bytes:10000000 recv bytes:10000000
port num 94 send bytes:10000000 recv bytes:10000000
port num 95 send bytes:10000000 recv bytes:10000000
port num 96 send bytes:10000000 recv bytes:10000000
port num 97 send bytes:10000000 recv bytes:10000000
port num 98 send bytes:10000000 recv bytes:10000000
port num 99 send bytes:10000000 recv bytes:10000000
port num 100 send bytes:10000000 recv bytes:10000000
port num 101 send bytes:10000000 recv bytes:10000000
port num 102 send bytes:10000000 recv bytes:10000000
port num 103 send bytes:10000000 recv bytes:10000000
port num 104 send bytes:10000000 recv bytes:10000000
port num 105 send bytes:10000000 recv bytes:10000000
port num 106 send bytes:10000000 recv bytes:10000000
port num 107 send bytes:10000000 recv bytes:10000000
port num 108 send bytes:10000000 recv bytes:10000000
port num 109 send bytes:10000000 recv bytes:10000000
port num 110 send bytes:10000000 recv bytes:10000000
port num 111 send bytes:10000000 recv bytes:10000000
port num 112 send bytes:10000000 recv bytes:10000000
port num 113 send bytes:10000000 recv bytes:10000000
port num 114 send bytes:10000000 recv bytes:10000000
port num 115 send bytes:10000000 recv bytes:10000000
port num 116 send bytes:10000000 recv bytes:10000000
port num 117 send bytes:10000000 recv bytes:10000000
port num 118 send bytes:10000000 recv bytes:10000000
port num 119 send bytes:10000000 recv bytes:10000000
port num 120 send bytes:10000000 recv bytes:10000000
port num 121 send bytes:10000000 recv bytes:10000000
port num 122 send bytes:10000000 recv bytes:10000000
port num 123 send bytes:10000000 recv bytes:10000000
port num 124 send bytes:10000000 recv bytes:10000000
port num 125 send bytes:10000000 recv bytes:10000000
port num 126 send bytes:10000000 recv bytes:10000000
port num 127 send bytes:10000000 recv bytes:10000000
port num 128 send bytes:10000000 recv bytes:10000000
port num 129 send bytes:10000000 recv bytes:10000000
port num 130 send bytes:10000000 recv bytes:10000000
port num 131 send bytes:10000000 recv bytes:10000000
port num 132 send bytes:10000000 recv bytes:10000000
port num 133 send bytes:10000000 recv bytes:10000000
port num 134 send bytes:10000000 recv bytes:10000000
port num 135 send bytes:10000000 recv bytes:10000000
port num 136 send bytes:10000000 recv bytes:10000000
port num 137 send bytes:10000000 recv bytes:10000000
port num 138 send bytes:10000000 recv bytes:10000000
port num 139 send bytes:10000000 recv bytes:10000000
port num 140 send bytes:10000000 recv bytes:10000000
port num 141 send bytes:10000000 recv bytes:10000000
port num 142 send bytes:10000000 recv bytes:10000000
port num 143 send bytes:10000000 recv bytes:10000000
port num 144 send bytes:10000000 recv bytes:10000000
port num 145 send bytes:10000000 recv bytes:10000000
port num 146 send bytes:10000000 recv bytes:10000000
port num 147 send bytes:10000000 recv bytes:10000000
port num 148 send bytes:10000000 recv bytes:10000000
port num 149 send bytes:10000000 recv bytes:10000000
port num 150 send bytes:10000000 recv bytes:10000000
port num 151 send bytes:10000000 recv bytes:10000000
port num 152 send bytes:10000000 recv bytes:10000000
port num 153 send bytes:10000000 recv bytes:10000000
port num 154 send bytes:10000000 recv bytes:10000000
port num 155 send bytes:10000000 recv bytes:10000000
port num 156 send bytes:10000000 recv bytes:10000000
port num 157 send bytes:10000000 recv bytes:10000000
port num 158 send bytes:10000000 recv bytes:10000000
port num 159 send bytes:10000000 recv bytes:10000000
port num 160 send bytes:10000000 recv bytes:10000000
port num 161 send bytes:10000000 recv bytes:10000000
port num 162 send bytes:10000000 recv bytes:10000000
port num 163 send bytes:10000000 recv bytes:10000000
port num 164 send bytes:10000000 recv bytes:10000000
port num 165 send bytes:10000000 recv bytes:10000000
port num 166 send bytes:10000000 recv bytes:10000000
port num 167 send bytes:10000000 recv bytes:10000000
port num 168 send bytes:10000000 recv bytes:10000000
port num 169 send bytes:10000000 recv bytes:10000000
port num 170 send bytes:10000000 recv bytes:10000000
port num 171 send bytes:10000000 recv bytes:10000000
port num 172 send bytes:10000000 recv bytes:10000000
port num 173 send bytes:10000000 recv bytes:10000000
port num 174 send bytes:10000000 recv bytes:10000000
port num 175 send bytes:10000000 recv bytes:10000000
port num 176 send bytes:10000000 recv bytes:10000000
port num 177 send bytes:10000000 recv bytes:10000000
port num 178 send bytes:10000000 recv bytes:10000000
port num 179 send bytes:10000000 recv bytes:10000000
port num 180 send bytes:10000000 recv bytes:10000000
port num 181 send bytes:10000000 recv bytes:10000000
port num 182 send bytes:10000000 recv bytes:10000000
port num 183 send bytes:10000000 recv bytes:10000000
port num 184 send bytes:10000000 recv bytes:10000000
port num 185 send bytes:10000000 recv bytes:10000000
port num 186 send bytes:10000000 recv bytes:10000000
port num 187 send bytes:10000000 recv bytes:10000000
port num 188 send bytes:10000000 recv bytes:10000000
port num 189 send bytes:10000000 recv bytes:10000000
port num 190 send bytes:10000000 recv bytes:10000000
port num 191 send bytes:10000000 recv bytes:10000000
port num 192 send bytes:10000000 recv bytes:10000000
port num 193 send bytes:10000000 recv bytes:10000000
port num 194 send bytes:10000000 recv bytes:10000000
port num 195 send bytes:10000000 recv bytes:10000000
port num 196 send bytes:10000000 recv bytes:10000000
port num 197 send bytes:10000000 recv bytes:10000000
port num 198 send bytes:10000000 recv bytes:10000000
port num 199 send bytes:10000000 recv bytes:10000000
port num 200 send bytes:10000000 recv bytes:10000000
port num 201 send bytes:10000000 recv bytes:10000000
port num 202 send bytes:10000000 recv bytes:10000000
port num 203 send bytes:10000000 recv bytes:10000000
port num 204 send bytes:10000000 recv bytes:10000000
port num 205 send bytes:10000000 recv bytes:10000000
port num 206 send bytes:10000000 recv bytes:10000000
port num 207 send bytes:10000000 recv bytes:10000000
port num 208 send bytes:10000000 recv bytes:10000000
port num 209 send bytes:10000000 recv bytes:10000000
port num 210 send bytes:10000000 recv bytes:10000000
port num 211 send bytes:10000000 recv bytes:10000000
port num 212 send bytes:10000000 recv bytes:10000000
port num 213 send bytes:10000000 recv bytes:10000000
port num 214 send bytes:10000000 recv bytes:10000000
port num 215 send bytes:10000000 recv bytes:10000000
port num 216 send bytes:10000000 recv bytes:10000000
port num 217 send bytes:10000000 recv bytes:10000000
port num 218 send bytes:10000000 recv bytes:10000000
port num 219 send bytes:10000000 recv bytes:10000000
port num 220 send bytes:10000000 recv bytes:10000000
port num 221 send bytes:10000000 recv bytes:10000000
port num 222 send bytes:10000000 recv bytes:10000000
port num 223 send bytes:10000000 recv bytes:10000000
port num 224 send bytes:10000000 recv bytes:10000000
port num 225 send bytes:10000000 recv bytes:10000000
port num 226 send bytes:10000000 recv bytes:10000000
port num 227 send bytes:10000000 recv bytes:10000000
port num 228 send bytes:10000000 recv bytes:10000000
port num 229 send bytes:10000000 recv bytes:10000000
port num 230 send bytes:10000000 recv bytes:10000000
port num 231 send bytes:10000000 recv bytes:10000000
port num 232 send bytes:10000000 recv bytes:10000000
port num 233 send bytes:10000000 recv bytes:10000000
port num 234 send bytes:10000000 recv bytes:10000000
port num 235 send bytes:10000000 recv bytes:10000000
port num 236 send bytes:10000000 recv bytes:10000000
port num 237 send bytes:10000000 recv bytes:10000000
port num 238 send bytes:10000000 recv bytes:10000000
port num 239 send bytes:10000000 recv bytes:10000000
port num 240 send bytes:10000000 recv bytes:10000000
port num 241 send bytes:10000000 recv bytes:10000000
port num 242 send bytes:10000000 recv bytes:10000000
port num 243 send bytes:10000000 recv bytes:10000000
port num 244 send bytes:10000000 recv bytes:10000000
port num 245 send bytes:10000000 recv bytes:10000000
port num 246 send bytes:10000000 recv bytes:10000000
port num 247 send bytes:10000000 recv bytes:10000000
port num 248 send bytes:10000000 recv bytes:10000000
port num 249 send bytes:10000000 recv bytes:10000000
port num 250 send bytes:10000000 recv bytes:10000000
port num 251 send bytes:10000000 recv bytes:10000000
port num 252 send bytes:10000000 recv bytes:10000000
port num 253 send bytes:10000000 recv bytes:10000000
port num 254 send bytes:10000000 recv bytes:10000000
port num 255 send bytes:10000000 recv bytes:10000000
port num 256 send bytes:10000000 recv bytes:10000000
port num 257 send bytes:10000000 recv bytes:10000000
port num 258 send bytes:10000000 recv bytes:10000000
port num 259 send bytes:10000000 recv bytes:10000000
port num 260 send bytes:10000000 recv bytes:10000000
port num 261 send bytes:10000000 recv bytes:10000000
port num 262 send bytes:10000000 recv bytes:10000000
port num 263 send bytes:10000000 recv bytes:10000000
port num 264 send bytes:10000000 recv bytes:10000000
port num 265 send bytes:10000000 recv bytes:10000000
port num 266 send bytes:10000000 recv bytes:10000000
port num 267 send bytes:10000000 recv bytes:10000000
port num 268 send bytes:10000000 recv bytes:10000000
port num 269 send bytes:10000000 recv bytes:10000000
port num 270 send bytes:10000000 recv bytes:10000000
port num 271 send bytes:10000000 recv bytes:10000000
port num 272 send bytes:10000000 recv bytes:10000000
port num 273 send bytes:10000000 recv bytes:10000000
port num 274 send bytes:10000000 recv bytes:10000000
port num 275 send bytes:10000000 recv bytes:10000000
port num 276 send bytes:10000000 recv bytes:10000000
port num 277 send bytes:10000000 recv bytes:10000000
port num 278 send bytes:10000000 recv bytes:10000000
port num 279 send bytes:10000000 recv bytes:10000000
port num 280 send bytes:10000000 recv bytes:10000000
port num 281 send bytes:10000000 recv bytes:10000000
port num 282 send bytes:10000000 recv bytes:10000000
port num 283 send bytes:10000000 recv bytes:10000000
port num 284 send bytes:10000000 recv bytes:10000000
port num 285 send bytes:10000000 recv bytes:10000000
port num 286 send bytes:10000000 recv bytes:10000000
port num 287 send bytes:10000000 recv bytes:10000000
port num 288 send bytes:10000000 recv bytes:10000000
port num 289 send bytes:10000000 recv bytes:10000000
port num 290 send bytes:10000000 recv bytes:10000000
port num 291 send bytes:10000000 recv bytes:10000000
port num 292 send bytes:10000000 recv bytes:10000000
port num 293 send bytes:10000000 recv bytes:10000000
port num 294 send bytes:10000000 recv bytes:10000000
port num 295 send bytes:10000000 recv bytes:10000000
port num 296 send bytes:10000000 recv bytes:10000000
port num 297 send bytes:10000000 recv bytes:10000000
port num 298 send bytes:10000000 recv bytes:10000000
port num 299 send bytes:10000000 recv bytes:10000000
port num 300 send bytes:10000000 recv bytes:10000000
port num 301 send bytes:10000000 recv bytes:10000000
port num 302 send bytes:10000000 recv bytes:10000000
port num 303 send bytes:10000000 recv bytes:10000000
port num 304 send bytes:10000000 recv bytes:10000000
port num 305 send bytes:10000000 recv bytes:10000000
port num 306 send bytes:10000000 recv bytes:10000000
port num 307 send bytes:10000000 recv bytes:10000000
port num 308 send bytes:10000000 recv bytes:10000000
port num 309 send bytes:10000000 recv bytes:10000000
port num 310 send bytes:10000000 recv bytes:10000000
port num 311 send bytes:10000000 recv bytes:10000000
port num 312 send bytes:10000000 recv bytes:10000000
port num 313 send bytes:10000000 recv bytes:10000000
port num 314 send bytes:10000000 recv bytes:10000000
port num 315 send bytes:10000000 recv bytes:10000000
port num 316 send bytes:10000000 recv bytes:10000000
port num 317 send bytes:10000000 recv bytes:10000000
port num 318 send bytes:10000000 recv bytes:10000000
port num 319 send bytes:10000000 recv bytes:10000000
port num 320 send bytes:10000000 recv bytes:10000000
port num 321 send bytes:10000000 recv bytes:10000000
port num 322 send bytes:10000000 recv bytes:10000000
port num 323 send bytes:10000000 recv bytes:10000000
port num 324 send bytes:10000000 recv bytes:10000000
port num 325 send bytes:10000000 recv bytes:10000000
port num 326 send bytes:10000000 recv bytes:10000000
port num 327 send bytes:10000000 recv bytes:10000000
port num 328 send bytes:10000000 recv bytes:10000000
port num 329 send bytes:10000000 recv bytes:10000000
port num 330 send bytes:10000000 recv bytes:10000000
port num 331 send bytes:10000000 recv bytes:10000000
port num 332 send bytes:10000000 recv bytes:10000000
port num 333 send bytes:10000000 recv bytes:10000000
port num 334 send bytes:10000000 recv bytes:10000000
port num 335 send bytes:10000000 recv bytes:10000000
port num 336 send bytes:10000000 recv bytes:10000000
port num 337 send bytes:10000000 recv bytes:10000000
port num 338 send bytes:10000000 recv bytes:10000000
port num 339 send bytes:10000000 recv bytes:10000000
port num 340 send bytes:10000000 recv bytes:10000000
port num 341 send bytes:10000000 recv bytes:10000000
port num 342 send bytes:10000000 recv bytes:10000000
port num 343 send bytes:10000000 recv bytes:10000000
port num 344 send bytes:10000000 recv bytes:10000000
port num 345 send bytes:10000000 recv bytes:10000000
port num 346 send bytes:10000000 recv bytes:10000000
port num 347 send bytes:10000000 recv bytes:10000000
port num 348 send bytes:10000000 recv bytes:10000000
port num 349 send bytes:10000000 recv bytes:10000000
port num 350 send bytes:10000000 recv bytes:10000000
port num 351 send bytes:10000000 recv bytes:10000000
port num 352 send bytes:10000000 recv bytes:10000000
port num 353 send bytes:10000000 recv bytes:10000000
port num 354 send bytes:10000000 recv bytes:10000000
port num 355 send bytes:10000000 recv bytes:10000000
port num 356 send bytes:10000000 recv bytes:10000000
port num 357 send bytes:10000000 recv bytes:10000000
port num 358 send bytes:10000000 recv bytes:10000000
port num 359 send bytes:10000000 recv bytes:10000000
port num 360 send bytes:10000000 recv bytes:10000000
port num 361 send bytes:10000000 recv bytes:10000000
port num 362 send bytes:10000000 recv bytes:10000000
port num 363 send bytes:10000000 recv bytes:10000000
port num 364 send bytes:10000000 recv bytes:10000000
port num 365 send bytes:10000000 recv bytes:10000000
port num 366 send bytes:10000000 recv bytes:10000000
port num 367 send bytes:10000000 recv bytes:10000000
port num 368 send bytes:10000000 recv bytes:10000000
port num 369 send bytes:10000000 recv bytes:10000000
port num 370 send bytes:10000000 recv bytes:10000000
port num 371 send bytes:10000000 recv bytes:10000000
port num 372 send bytes:10000000 recv bytes:10000000
port num 373 send bytes:10000000 recv bytes:10000000
port num 374 send bytes:10000000 recv bytes:10000000
port num 375 send bytes:10000000 recv bytes:10000000
port num 376 send bytes:10000000 recv bytes:10000000
port num 377 send bytes:10000000 recv bytes:10000000
port num 378 send bytes:10000000 recv bytes:10000000
port num 379 send bytes:10000000 recv bytes:10000000
port num 380 send bytes:10000000 recv bytes:10000000
port num 381 send bytes:10000000 recv bytes:10000000
port num 382 send bytes:10000000 recv bytes:10000000
port num 383 send bytes:10000000 recv bytes:10000000

 ** average runtime : 6004088
